stash.

 nano expt7.txt
PS C:\Users\akank\downloads\git> git add expt7.txt
warning: in the working copy of 'expt7.txt', LF will be replaced by CRLF the next time Git touches it
PS C:\Users\akank\downloads\git> git stash -m "expt7"
Saved working directory and index state On master: expt7
PS C:\Users\akank\downloads\git> git stash list
stash@{0}: On master: expt7
PS C:\Users\akank\downloads\git> git stash apply stash@{0}
error: unknown switch `e'
usage: git stash apply [--index] [-q | --quiet] [<stash>]

    -q, --[no-]quiet      be quiet, only report errors
    --[no-]index          attempt to recreate the index

PS C:\Users\akank\downloads\git> git stash apply -q stash@{0}
error: unknown switch `e'
usage: git stash apply [--index] [-q | --quiet] [<stash>]

    -q, --[no-]quiet      be quiet, only report errors
    --[no-]index          attempt to recreate the index

PS C:\Users\akank\downloads\git> git stash apply
On branch master
Your branch is up to date with 'origin/master'.

Changes to be committed:
  (use "git restore --staged <file>..." to unstage)
        new file:   expt7.txt

PS C:\Users\akank\downloads\git> git status
On branch master
Your branch is up to date with 'origin/master'.

Changes to be committed:
  (use "git restore --staged <file>..." to unstage)
        new file:   expt7.txt

PS C:\Users\akank\downloads\git> git commit -m "expt7"
[master b913f63] expt7
 1 file changed, 1 insertion(+)
 create mode 100644 expt7.txt
PS C:\Users\akank\downloads\git> git push
Enumerating objects: 4, done.
Counting objects: 100% (4/4), done.
Delta compression using up to 18 threads
Compressing objects: 100% (2/2), done.
Writing objects: 100% (3/3), 272 bytes | 272.00 KiB/s, done.
Total 3 (delta 1), reused 0 (delta 0), pack-reused 0 (from 0)
remote: Resolving deltas: 100% (1/1), completed with 1 local object.
To https://github.com/shaawtymaker/GIT-LAB-.git
   7b3dd17..b913f63  master -> master
PS C:\Users\akank\downloads\git> git push
Everything up-to-date







 git add expt7.txt
PS C:\Users\akank\downloads\git> git stash list
stash@{0}: On master: expt7
PS C:\Users\akank\downloads\git> git stash branch stash-branch stash@{0}
error: unknown switch `e'
usage: git stash branch <branchname> [<stash>]

PS C:\Users\akank\downloads\git> git stash branch stash-branch "stash@{0}"
error: Your local changes to the following files would be overwritten by checkout:
        expt7.txt
Please commit your changes or stash them before you switch branches.
Aborting
PS C:\Users\akank\downloads\git> git stash list
stash@{0}: On master: expt7
PS C:\Users\akank\downloads\git> git stash
Saved working directory and index state WIP on master: 58587d7 stashing..
PS C:\Users\akank\downloads\git> git stash list
stash@{0}: WIP on master: 58587d7 stashing..
stash@{1}: On master: expt7
PS C:\Users\akank\downloads\git> git stash branch stash-branch "stash@{0}"
Switched to a new branch 'stash-branch'
On branch stash-branch
Changes to be committed:
  (use "git restore --staged <file>..." to unstage)
        modified:   expt7.txt

Dropped stash@{0} (497e2a98bc48631fbe6f84cf345294b14a521c7e)
PS C:\Users\akank\downloads\git> git status
On branch stash-branch
Changes to be committed:
  (use "git restore --staged <file>..." to unstage)
        modified:   expt7.txt




interactive reabse tests
i rebase test commit.
<<<<<<< HEAD
<<<<<<< HEAD
<<<<<<< HEAD
<<<<<<< HEAD
rebase committ no 3.

=======
>>>>>>> 2826ff1 (commit2 for rebase)
=======
rebase committ no 3.

>>>>>>> 69cea0bfc6fc556599cee9a990c1714ba39eec3f
=======
rebase committ no 3.

>>>>>>> 0a2f72d (commit3 for rebase)
=======
rebase committ no 3.

>>>>>>> 0a2f72d (commit3 for rebase)
<<<<<<< HEAD
=======
=======
>>>>>>> 3caec9f590572e57d9919e1ffcc22cb86f72540d
>>>>>>> 82c5e8c3ee9534797ed2d10903cf34ea10f97304


rebase normal.
>>>>>>> 40d9c62 (normal rebase)
